
> client@0.1.0 build
> next build

node.exe : ΓÜá Warning: Next.js inferred your 
workspace root, but it may not be correct.
At line:1 char:1
+ & "C:\Program Files\nodejs/node.exe" "C:\Program 
Files\nodejs/node_mo ...
+ ~~~~~~~~~~~~~~~~~~~~~~~~~~~~~~~~~~~~~~~~~~~~~~~~~
~~~~~~~~~~~~~~~~~~~~
    + CategoryInfo          : NotSpecified: (ΓÜá W 
   arning: Ne...not be correct.:String) [], Remot  
  eException
    + FullyQualifiedErrorId : NativeCommandError
 
 We detected multiple lockfiles and selected the 
directory of C:\Users\midhl\Downloads\Our Home 
Tuition\package-lock.json as the root directory.
 To silence this warning, set `turbopack.root` in 
your Next.js config, or consider removing one of 
the lockfiles if it's not needed.
   See https://nextjs.org/docs/app/api-reference/co
nfig/next-config-js/turbopack#root-directory for 
more information.
 Detected additional lockfiles: 
   * C:\Users\midhl\Downloads\Our Home 
Tuition\client\package-lock.json

Γû▓ Next.js 16.2.1 (Turbopack)
- Environments: .env.local

  Creating an optimized production build ...
Γ£ô Compiled successfully in 8.4s
  Running TypeScript ...
Failed to type check.

./src/views/mentor/MentorDashboard.tsx:246:52
Type error: Parameter 'b' implicitly has an 'any' 
type.

  [90m244 |[0m             }
  [90m245 |[0m
[31m[1m>[0m [90m246 |[0m             
[36mconst[0m bookingIds = bookingsToClaim.map(b 
=> b.id);
  [90m    |[0m                                   
                 [31m[1m^[0m
  [90m247 |[0m
  [90m248 |[0m             [90m// 1. Create the 
incentive claim[0m
  [90m249 |[0m             [36mconst[0m { 
error: claimError } = [36mawait[0m supabase
Next.js build worker exited with code: 1 and 
signal: null
